// Jest Snapshot v1, https://goo.gl/fbAQLP

exports[`snapshot 1`] = `
<View
  style={
    Object {
      "backgroundColor": "#FFFFFF",
      "minHeight": "100%",
    }
  }
  testID="list"
>
  <View
    style={
      Array [
        Object {
          "borderRadius": 3,
          "overflow": "hidden",
        },
        Object {
          "borderRadius": 3,
        },
        undefined,
        false,
      ]
    }
  >
    <View
      accessibilityRole="button"
      accessibilityState={
        Object {
          "busy": false,
          "disabled": false,
        }
      }
      accessible={true}
      focusable={true}
      onClick={[Function]}
      onResponderGrant={[Function]}
      onResponderMove={[Function]}
      onResponderRelease={[Function]}
      onResponderTerminate={[Function]}
      onResponderTerminationRequest={[Function]}
      onStartShouldSetResponder={[Function]}
      style={
        Object {
          "opacity": 1,
        }
      }
      testID="buttonLogOut"
    >
      <View
        style={
          Object {
            "alignItems": "center",
            "alignSelf": "center",
            "backgroundColor": "#F94F62",
            "borderBottomColor": "#F6051F",
            "borderBottomWidth": 1,
            "borderColor": "#2089dc",
            "borderRadius": 5,
            "borderTopColor": "#F6051F",
            "borderTopWidth": 1,
            "borderWidth": 0,
            "flexDirection": "row",
            "justifyContent": "center",
            "marginTop": 30,
            "padding": 8,
            "paddingVertical": 10,
            "width": "50%",
          }
        }
      >
        <Text
          style={
            Object {
              "color": "#FFFFFF",
              "fontSize": 18,
              "paddingVertical": 1,
              "textAlign": "center",
            }
          }
        >
          Log out
        </Text>
      </View>
    </View>
  </View>
</View>
`;
